<?xml version="1.0" encoding="utf-8"?>
<TestRun id="e2ed8b6a-bcd4-4134-9c83-f97ac17a7785" name="Lenovo@KIETVD 2026-10-01 19:39:31" runUser="KIETVD\Lenovo" xmlns="http://microsoft.com/schemas/VisualStudio/TeamTest/2010">
  <Times creation="2026-10-01T19:39:31.0299945+07:00" queuing="2026-10-01T19:39:31.0299956+07:00" start="2026-10-01T19:39:28.8595131+07:00" finish="2026-10-01T19:39:36.5271018+07:00" />
  <TestSettings name="default" id="b12fb710-0e8e-4cb5-9fb0-116bfa0da146">
    <Deployment runDeploymentRoot="Lenovo_KIETVD_2026-10-01_19_39_31" />
  </TestSettings>
  <Results>
    <UnitTestResult executionId="c6dfbf1a-9881-4803-8e57-c3cfe7354703" testId="96b7611c-bc97-a9df-1c04-69949bb609d2" testName="FlashSale.OrderService.Tests.OrderStateBehaviourTests.Every_transition_pair_is_either_legal_or_throws(from: Confirmed, to: Rejected)" computerName="KIETVD" duration="00:00:00.0342584" startTime="2026-10-01T19:39:35.9576563+07:00" endTime="2026-10-01T19:39:35.9919014+07:00" testType="13cdc9d9-ddb5-4fa4-a97d-d965ccfc6d4b" outcome="Passed" testListId="8c84fa94-04c1-424b-9868-57a2d4851a1d" relativeResultsDirectory="c6dfbf1a-9881-4803-8e57-c3cfe7354703" />
    <UnitTestResult executionId="0c39529a-6428-44a3-aae7-e2d73a257b20" testId="1d5499cc-4443-2123-37b9-a35117073ddb" testName="FlashSale.OrderService.Tests.OrderStateMachineTests.Exception_reports_the_attempted_from_and_to_states" computerName="KIETVD" duration="00:00:00.0004196" startTime="2026-10-01T19:39:30.9933150+07:00" endTime="2026-10-01T19:39:30.9933591+07:00" testType="13cdc9d9-ddb5-4fa4-a97d-d965ccfc6d4b" outcome="Passed" testListId="8c84fa94-04c1-424b-9868-57a2d4851a1d" relativeResultsDirectory="0c39529a-6428-44a3-aae7-e2d73a257b20" />
    <UnitTestResult executionId="c311cb49-2f02-4dc8-9037-615bb4238395" testId="d4964639-c5ed-6657-973f-4c988e578fff" testName="FlashSale.OrderService.Tests.OrderStateMachineTests.Confirmed_to_Completed_succeeds_and_stamps_CompletedAt" computerName="KIETVD" duration="00:00:00.0065179" startTime="2026-10-01T19:39:30.9925908+07:00" endTime="2026-10-01T19:39:30.9926385+07:00" testType="13cdc9d9-ddb5-4fa4-a97d-d965ccfc6d4b" outcome="Passed" testListId="8c84fa94-04c1-424b-9868-57a2d4851a1d" relativeResultsDirectory="c311cb49-2f02-4dc8-9037-615bb4238395" />
    <UnitTestResult executionId="e2e3b805-0b72-46a2-931e-8798b0f2bccf" testId="f363dfc4-8c4d-f9eb-19f7-602dba2ef9b8" testName="FlashSale.OrderService.Tests.OrderStateBehaviourTests.Duplicate_or_stale_event_with_a_new_MessageId_is_acknowledged_without_a_transition(current: Confirmed, eventType: &quot;StockReserved&quot;, target: Confirmed)" computerName="KIETVD" duration="00:00:00.0434257" startTime="2026-10-01T19:39:35.5502564+07:00" endTime="2026-10-01T19:39:35.5936767+07:00" testType="13cdc9d9-ddb5-4fa4-a97d-d965ccfc6d4b" outcome="Passed" testListId="8c84fa94-04c1-424b-9868-57a2d4851a1d" relativeResultsDirectory="e2e3b805-0b72-46a2-931e-8798b0f2bccf" />
    <UnitTestResult executionId="42521e36-d37d-4d30-9bc1-0a4c89b32939" testId="b7d7a6c6-eb93-1558-1820-16aef96647b7" testName="FlashSale.OrderService.Tests.OrderStateBehaviourTests.Every_transition_pair_is_either_legal_or_throws(from: PendingStock, to: Completed)" computerName="KIETVD" duration="00:00:00.0324450" startTime="2026-10-01T19:39:35.7750487+07:00" endTime="2026-10-01T19:39:35.8074422+07:00" testType="13cdc9d9-ddb5-4fa4-a97d-d965ccfc6d4b" outcome="Passed" testListId="8c84fa94-04c1-424b-9868-57a2d4851a1d" relativeResultsDirectory="42521e36-d37d-4d30-9bc1-0a4c89b32939" />
    <UnitTestResult executionId="b85749b9-a2fe-4efe-9fd8-4d32a8e5b243" testId="74c87954-37b9-08d3-6e4a-49ed0dfd5d68" testName="FlashSale.OrderService.Tests.OrderStateBehaviourTests.Conflicting_event_throws_changes_nothing_and_is_not_recorded(current: Completed, eventType: &quot;StockRejected&quot;, target: Rejected)" computerName="KIETVD" duration="00:00:00.0401490" startTime="2026-10-01T19:39:36.2809210+07:00" endTime="2026-10-01T19:39:36.3210460+07:00" testType="13cdc9d9-ddb5-4fa4-a97d-d965ccfc6d4b" outcome="Passed" testListId="8c84fa94-04c1-424b-9868-57a2d4851a1d" relativeResultsDirectory="b85749b9-a2fe-4efe-9fd8-4d32a8e5b243" />
    <UnitTestResult executionId="5ef95060-0ee2-47a6-b18c-60160a82a5b0" testId="6adf2ef2-578b-a62c-ee09-09e0f99cf6d5" testName="FlashSale.OrderService.Tests.DuplicateMessageIdempotencyTests.Conflicting_result_for_an_already_Rejected_order_throws_and_is_not_recorded" computerName="KIETVD" duration="00:00:04.9880765" startTime="2026-10-01T19:39:30.5093006+07:00" endTime="2026-10-01T19:39:35.4976463+07:00" testType="13cdc9d9-ddb5-4fa4-a97d-d965ccfc6d4b" outcome="Passed" testListId="8c84fa94-04c1-424b-9868-57a2d4851a1d" relativeResultsDirectory="5ef95060-0ee2-47a6-b18c-60160a82a5b0" />
    <UnitTestResult executionId="b762cfb1-7f22-4486-9752-7fdb74384705" testId="fee8100c-c07c-ecd8-ce06-5d88aac03766" testName="FlashSale.OrderService.Tests.OrderStateMachineTests.Rejected_is_terminal_and_throws_on_any_transition" computerName="KIETVD" duration="00:00:00.0004427" startTime="2026-10-01T19:39:30.9596448+07:00" endTime="2026-10-01T19:39:30.9596910+07:00" testType="13cdc9d9-ddb5-4fa4-a97d-d965ccfc6d4b" outcome="Passed" testListId="8c84fa94-04c1-424b-9868-57a2d4851a1d" relativeResultsDirectory="b762cfb1-7f22-4486-9752-7fdb74384705" />
    <UnitTestResult executionId="180d4aca-b995-432e-a424-f8361dab3877" testId="f38a3a3b-8ac3-332c-67f7-7ed6deb4e915" testName="FlashSale.OrderService.Tests.OrderStateBehaviourTests.Every_transition_pair_is_either_legal_or_throws(from: Confirmed, to: Completed)" computerName="KIETVD" duration="00:00:00.0320703" startTime="2026-10-01T19:39:36.1369992+07:00" endTime="2026-10-01T19:39:36.1689064+07:00" testType="13cdc9d9-ddb5-4fa4-a97d-d965ccfc6d4b" outcome="Passed" testListId="8c84fa94-04c1-424b-9868-57a2d4851a1d" relativeResultsDirectory="180d4aca-b995-432e-a424-f8361dab3877" />
    <UnitTestResult executionId="1cebe66e-53a8-43ac-84c2-3c86a4345de9" testId="2007032d-40b4-cd57-c737-e3835570c457" testName="FlashSale.OrderService.Tests.OrderStateMachineTests.Confirmed_to_anything_but_Completed_throws(illegalTarget: Rejected)" computerName="KIETVD" duration="00:00:00.0000194" startTime="2026-10-01T19:39:30.9582611+07:00" endTime="2026-10-01T19:39:30.9583135+07:00" testType="13cdc9d9-ddb5-4fa4-a97d-d965ccfc6d4b" outcome="Passed" testListId="8c84fa94-04c1-424b-9868-57a2d4851a1d" relativeResultsDirectory="1cebe66e-53a8-43ac-84c2-3c86a4345de9" />
    <UnitTestResult executionId="ee31c26b-f6a1-4b33-9b94-7229fac9a52c" testId="1def3a9f-f9b4-42f7-0c42-6e36ea15a977" testName="FlashSale.OrderService.Tests.OrderStateBehaviourTests.Every_transition_pair_is_either_legal_or_throws(from: PendingStock, to: PendingStock)" computerName="KIETVD" duration="00:00:00.0379488" startTime="2026-10-01T19:39:36.0262288+07:00" endTime="2026-10-01T19:39:36.0639825+07:00" testType="13cdc9d9-ddb5-4fa4-a97d-d965ccfc6d4b" outcome="Passed" testListId="8c84fa94-04c1-424b-9868-57a2d4851a1d" relativeResultsDirectory="ee31c26b-f6a1-4b33-9b94-7229fac9a52c" />
    <UnitTestResult executionId="ab31d5ea-82bc-473a-98e7-18a8f482ff6f" testId="5be767c2-8fd7-43cc-9234-37ec37b62a53" testName="FlashSale.OrderService.Tests.OrderStateMachineTests.New_order_starts_in_PendingStock" computerName="KIETVD" duration="00:00:00.0001202" startTime="2026-10-01T19:39:30.9931647+07:00" endTime="2026-10-01T19:39:30.9932074+07:00" testType="13cdc9d9-ddb5-4fa4-a97d-d965ccfc6d4b" outcome="Passed" testListId="8c84fa94-04c1-424b-9868-57a2d4851a1d" relativeResultsDirectory="ab31d5ea-82bc-473a-98e7-18a8f482ff6f" />
    <UnitTestResult executionId="ae4dbf31-1493-40e4-bfca-36f0879fb953" testId="1f6181a8-3a9d-dbbd-d893-8bb25fe719fe" testName="FlashSale.OrderService.Tests.OrderStateBehaviourTests.Duplicate_or_stale_event_with_a_new_MessageId_is_acknowledged_without_a_transition(current: Completed, eventType: &quot;OrderProcessed&quot;, target: Completed)" computerName="KIETVD" duration="00:00:04.9843638" startTime="2026-10-01T19:39:30.5072840+07:00" endTime="2026-10-01T19:39:35.4939089+07:00" testType="13cdc9d9-ddb5-4fa4-a97d-d965ccfc6d4b" outcome="Passed" testListId="8c84fa94-04c1-424b-9868-57a2d4851a1d" relativeResultsDirectory="ae4dbf31-1493-40e4-bfca-36f0879fb953" />
    <UnitTestResult executionId="d2206383-24f7-4375-a1ef-6ea6f65301ba" testId="eef9ae45-8e41-de0e-e18e-8b566445b257" testName="FlashSale.OrderService.Tests.OrderStateBehaviourTests.Duplicate_or_stale_event_with_a_new_MessageId_is_acknowledged_without_a_transition(current: Rejected, eventType: &quot;StockRejected&quot;, target: Rejected)" computerName="KIETVD" duration="00:00:00.0366176" startTime="2026-10-01T19:39:35.5939345+07:00" endTime="2026-10-01T19:39:35.6304122+07:00" testType="13cdc9d9-ddb5-4fa4-a97d-d965ccfc6d4b" outcome="Passed" testListId="8c84fa94-04c1-424b-9868-57a2d4851a1d" relativeResultsDirectory="d2206383-24f7-4375-a1ef-6ea6f65301ba" />
    <UnitTestResult executionId="1a66330f-38b5-4376-9a82-fa2be4365248" testId="4f82bf85-d02a-44b6-92f5-b06ea03a570e" testName="FlashSale.OrderService.Tests.OrderStateMachineTests.Confirmed_to_anything_but_Completed_throws(illegalTarget: Confirmed)" computerName="KIETVD" duration="00:00:00.0003989" startTime="2026-10-01T19:39:30.9574918+07:00" endTime="2026-10-01T19:39:30.9575774+07:00" testType="13cdc9d9-ddb5-4fa4-a97d-d965ccfc6d4b" outcome="Passed" testListId="8c84fa94-04c1-424b-9868-57a2d4851a1d" relativeResultsDirectory="1a66330f-38b5-4376-9a82-fa2be4365248" />
    <UnitTestResult executionId="b22d0709-698c-4f82-a16e-5fd1744d33e3" testId="9f19dafa-5d8e-2174-4161-e3fcdab90134" testName="FlashSale.OrderService.Tests.OrderStateBehaviourTests.Every_transition_pair_is_either_legal_or_throws(from: PendingStock, to: Confirmed)" computerName="KIETVD" duration="00:00:00.0353817" startTime="2026-10-01T19:39:35.9222950+07:00" endTime="2026-10-01T19:39:35.9574627+07:00" testType="13cdc9d9-ddb5-4fa4-a97d-d965ccfc6d4b" outcome="Passed" testListId="8c84fa94-04c1-424b-9868-57a2d4851a1d" relativeResultsDirectory="b22d0709-698c-4f82-a16e-5fd1744d33e3" />
    <UnitTestResult executionId="027f25ec-8be5-454d-a2fd-4f4d11754427" testId="92c2b996-a5e1-97b8-65d8-0e81b35135ff" testName="FlashSale.OrderService.Tests.OrderStateBehaviourTests.Every_transition_pair_is_either_legal_or_throws(from: Completed, to: Confirmed)" computerName="KIETVD" duration="00:00:00.0334584" startTime="2026-10-01T19:39:35.8541813+07:00" endTime="2026-10-01T19:39:35.8874859+07:00" testType="13cdc9d9-ddb5-4fa4-a97d-d965ccfc6d4b" outcome="Passed" testListId="8c84fa94-04c1-424b-9868-57a2d4851a1d" relativeResultsDirectory="027f25ec-8be5-454d-a2fd-4f4d11754427" />
    <UnitTestResult executionId="ef55ff2d-98f4-4311-a719-66ead8c1419e" testId="85ff15b1-d572-9415-faec-a5f66e7c9919" testName="FlashSale.OrderService.Tests.OrderStateMachineTests.Confirmed_to_anything_but_Completed_throws(illegalTarget: PendingStock)" computerName="KIETVD" duration="00:00:00.4271759" startTime="2026-10-01T19:39:30.5093821+07:00" endTime="2026-10-01T19:39:30.9435683+07:00" testType="13cdc9d9-ddb5-4fa4-a97d-d965ccfc6d4b" outcome="Passed" testListId="8c84fa94-04c1-424b-9868-57a2d4851a1d" relativeResultsDirectory="ef55ff2d-98f4-4311-a719-66ead8c1419e" />
    <UnitTestResult executionId="14f64e6f-8acb-4dd4-a028-4fd8a5e484d0" testId="1901e4aa-dbc4-6ab1-b214-de9553f3bbfd" testName="FlashSale.OrderService.Tests.OrderStateMachineTests.PendingStock_to_Rejected_succeeds_and_stamps_ConfirmedOrRejectedAt" computerName="KIETVD" duration="00:00:00.0002376" startTime="2026-10-01T19:39:30.9927794+07:00" endTime="2026-10-01T19:39:30.9928231+07:00" testType="13cdc9d9-ddb5-4fa4-a97d-d965ccfc6d4b" outcome="Passed" testListId="8c84fa94-04c1-424b-9868-57a2d4851a1d" relativeResultsDirectory="14f64e6f-8acb-4dd4-a028-4fd8a5e484d0" />
    <UnitTestResult executionId="29ed4eb2-3581-4d79-b478-645dd2efc1f1" testId="0c47d810-88f4-5338-b0af-a5be7a217038" testName="FlashSale.OrderService.Tests.OrderStateMachineTests.Completed_is_terminal_and_throws_on_any_transition" computerName="KIETVD" duration="00:00:00.0004207" startTime="2026-10-01T19:39:30.9920666+07:00" endTime="2026-10-01T19:39:30.9921594+07:00" testType="13cdc9d9-ddb5-4fa4-a97d-d965ccfc6d4b" outcome="Passed" testListId="8c84fa94-04c1-424b-9868-57a2d4851a1d" relativeResultsDirectory="29ed4eb2-3581-4d79-b478-645dd2efc1f1" />
    <UnitTestResult executionId="bebb45b2-c459-4a65-87d9-9b851c2da20f" testId="23bf186f-4ea7-0568-1feb-a870567a824d" testName="FlashSale.OrderService.Tests.OrderStateBehaviourTests.Every_transition_pair_is_either_legal_or_throws(from: Completed, to: PendingStock)" computerName="KIETVD" duration="00:00:00.0343742" startTime="2026-10-01T19:39:35.8877166+07:00" endTime="2026-10-01T19:39:35.9219702+07:00" testType="13cdc9d9-ddb5-4fa4-a97d-d965ccfc6d4b" outcome="Passed" testListId="8c84fa94-04c1-424b-9868-57a2d4851a1d" relativeResultsDirectory="bebb45b2-c459-4a65-87d9-9b851c2da20f" />
    <UnitTestResult executionId="6ac80e34-e20f-4ced-88b4-58c5c1fe04a7" testId="3b320e1d-66f0-78a7-f24f-cd95e733d6ed" testName="FlashSale.OrderService.Tests.OrderStateBehaviourTests.Every_transition_pair_is_either_legal_or_throws(from: Rejected, to: Confirmed)" computerName="KIETVD" duration="00:00:00.0463510" startTime="2026-10-01T19:39:35.8076423+07:00" endTime="2026-10-01T19:39:35.8539342+07:00" testType="13cdc9d9-ddb5-4fa4-a97d-d965ccfc6d4b" outcome="Passed" testListId="8c84fa94-04c1-424b-9868-57a2d4851a1d" relativeResultsDirectory="6ac80e34-e20f-4ced-88b4-58c5c1fe04a7" />
    <UnitTestResult executionId="b9113ee7-4d85-4757-ae43-18b06151336d" testId="ea35e9de-6df4-2a3b-5977-fe59f2f04f85" testName="FlashSale.OrderService.Tests.OrderStateBehaviourTests.Conflicting_event_throws_changes_nothing_and_is_not_recorded(current: Rejected, eventType: &quot;OrderProcessed&quot;, target: Completed)" computerName="KIETVD" duration="00:00:00.0421498" startTime="2026-10-01T19:39:36.3629132+07:00" endTime="2026-10-01T19:39:36.4049263+07:00" testType="13cdc9d9-ddb5-4fa4-a97d-d965ccfc6d4b" outcome="Passed" testListId="8c84fa94-04c1-424b-9868-57a2d4851a1d" relativeResultsDirectory="b9113ee7-4d85-4757-ae43-18b06151336d" />
    <UnitTestResult executionId="4992fd68-cd74-49f9-a192-bb9e0c43f764" testId="a07c159e-6b93-3d72-76f6-21f94ffe54a0" testName="FlashSale.OrderService.Tests.OrderStateBehaviourTests.Conflicting_event_throws_changes_nothing_and_is_not_recorded(current: Confirmed, eventType: &quot;StockRejected&quot;, target: Rejected)" computerName="KIETVD" duration="00:00:00.0414499" startTime="2026-10-01T19:39:36.3219152+07:00" endTime="2026-10-01T19:39:36.3626446+07:00" testType="13cdc9d9-ddb5-4fa4-a97d-d965ccfc6d4b" outcome="Passed" testListId="8c84fa94-04c1-424b-9868-57a2d4851a1d" relativeResultsDirectory="4992fd68-cd74-49f9-a192-bb9e0c43f764" />
    <UnitTestResult executionId="72841d41-7e72-4bb3-8301-70ad71c7e0c3" testId="3641e043-5e9c-0258-4341-3584e072dc8d" testName="FlashSale.OrderService.Tests.OrderStateMachineTests.PendingStock_to_Confirmed_succeeds_and_stamps_ConfirmedOrRejectedAt" computerName="KIETVD" duration="00:00:00.0002879" startTime="2026-10-01T19:39:30.9929343+07:00" endTime="2026-10-01T19:39:30.9930380+07:00" testType="13cdc9d9-ddb5-4fa4-a97d-d965ccfc6d4b" outcome="Passed" testListId="8c84fa94-04c1-424b-9868-57a2d4851a1d" relativeResultsDirectory="72841d41-7e72-4bb3-8301-70ad71c7e0c3" />
    <UnitTestResult executionId="d411d800-21ee-43f9-a84c-34978d3d95d4" testId="6e7c99a0-4fb2-dc5d-0ee2-63acdce87347" testName="FlashSale.OrderService.Tests.OrderStateBehaviourTests.Every_transition_pair_is_either_legal_or_throws(from: Rejected, to: PendingStock)" computerName="KIETVD" duration="00:00:00.0426377" startTime="2026-10-01T19:39:35.6307715+07:00" endTime="2026-10-01T19:39:35.6732298+07:00" testType="13cdc9d9-ddb5-4fa4-a97d-d965ccfc6d4b" outcome="Passed" testListId="8c84fa94-04c1-424b-9868-57a2d4851a1d" relativeResultsDirectory="d411d800-21ee-43f9-a84c-34978d3d95d4" />
    <UnitTestResult executionId="541f9c89-a699-4996-b435-a33c690ea3b8" testId="0c21c021-3f7f-6797-55b3-720ec4499406" testName="FlashSale.OrderService.Tests.OrderStateBehaviourTests.Every_transition_pair_is_either_legal_or_throws(from: Confirmed, to: Confirmed)" computerName="KIETVD" duration="00:00:00.0331033" startTime="2026-10-01T19:39:35.7417786+07:00" endTime="2026-10-01T19:39:35.7748045+07:00" testType="13cdc9d9-ddb5-4fa4-a97d-d965ccfc6d4b" outcome="Passed" testListId="8c84fa94-04c1-424b-9868-57a2d4851a1d" relativeResultsDirectory="541f9c89-a699-4996-b435-a33c690ea3b8" />
    <UnitTestResult executionId="14105ab2-ab56-44ff-8fbd-057551579242" testId="bad9326f-d062-3851-361f-a19f0112c7bb" testName="FlashSale.OrderService.Tests.DuplicateMessageIdempotencyTests.Redelivered_StockReserved_message_transitions_order_exactly_once" computerName="KIETVD" duration="00:00:00.0432435" startTime="2026-10-01T19:39:35.5877508+07:00" endTime="2026-10-01T19:39:35.6309205+07:00" testType="13cdc9d9-ddb5-4fa4-a97d-d965ccfc6d4b" outcome="Passed" testListId="8c84fa94-04c1-424b-9868-57a2d4851a1d" relativeResultsDirectory="14105ab2-ab56-44ff-8fbd-057551579242" />
    <UnitTestResult executionId="5178b4a3-44b4-4691-9962-fa9ab0199093" testId="95592a77-8f5f-c681-df53-9266bdda7948" testName="FlashSale.OrderService.Tests.DuplicateMessageIdempotencyTests.Two_different_messages_for_the_same_order_do_not_double_process" computerName="KIETVD" duration="00:00:00.0896086" startTime="2026-10-01T19:39:35.4980571+07:00" endTime="2026-10-01T19:39:35.5874362+07:00" testType="13cdc9d9-ddb5-4fa4-a97d-d965ccfc6d4b" outcome="Passed" testListId="8c84fa94-04c1-424b-9868-57a2d4851a1d" relativeResultsDirectory="5178b4a3-44b4-4691-9962-fa9ab0199093" />
    <UnitTestResult executionId="5ec13760-ae0b-4e72-a90a-fb29375aa73d" testId="8926712c-4f0e-c570-db25-6f3ec5f60f21" testName="FlashSale.OrderService.Tests.OrderStateBehaviourTests.Duplicate_OrderProcessed_with_the_same_MessageId_is_a_no_op" computerName="KIETVD" duration="00:00:00.0410648" startTime="2026-10-01T19:39:36.4052376+07:00" endTime="2026-10-01T19:39:36.4461738+07:00" testType="13cdc9d9-ddb5-4fa4-a97d-d965ccfc6d4b" outcome="Passed" testListId="8c84fa94-04c1-424b-9868-57a2d4851a1d" relativeResultsDirectory="5ec13760-ae0b-4e72-a90a-fb29375aa73d" />
    <UnitTestResult executionId="128be60c-2555-4c2c-9462-923b5d2f284a" testId="bec4bceb-69ed-07db-22a8-9ab308fdbec5" testName="FlashSale.OrderService.Tests.OrderStateBehaviourTests.Every_transition_pair_is_either_legal_or_throws(from: Confirmed, to: PendingStock)" computerName="KIETVD" duration="00:00:00.0338921" startTime="2026-10-01T19:39:35.9935365+07:00" endTime="2026-10-01T19:39:36.0259235+07:00" testType="13cdc9d9-ddb5-4fa4-a97d-d965ccfc6d4b" outcome="Passed" testListId="8c84fa94-04c1-424b-9868-57a2d4851a1d" relativeResultsDirectory="128be60c-2555-4c2c-9462-923b5d2f284a" />
    <UnitTestResult executionId="c32d54bf-f187-4b31-b14c-69db17ff364e" testId="9f478951-365a-a6d6-3365-fddeb3516f1d" testName="FlashSale.OrderService.Tests.OrderStateBehaviourTests.Every_transition_pair_is_either_legal_or_throws(from: Rejected, to: Completed)" computerName="KIETVD" duration="00:00:00.0335016" startTime="2026-10-01T19:39:35.7080966+07:00" endTime="2026-10-01T19:39:35.7415799+07:00" testType="13cdc9d9-ddb5-4fa4-a97d-d965ccfc6d4b" outcome="Passed" testListId="8c84fa94-04c1-424b-9868-57a2d4851a1d" relativeResultsDirectory="c32d54bf-f187-4b31-b14c-69db17ff364e" />
    <UnitTestResult executionId="22b855ec-f8d0-4fe6-8b81-92f256ef4da9" testId="77969cd6-b841-5749-b6ac-4cd4af69a78c" testName="FlashSale.OrderService.Tests.OrderStateBehaviourTests.Every_transition_pair_is_either_legal_or_throws(from: Completed, to: Completed)" computerName="KIETVD" duration="00:00:00.0345745" startTime="2026-10-01T19:39:35.6746757+07:00" endTime="2026-10-01T19:39:35.7078997+07:00" testType="13cdc9d9-ddb5-4fa4-a97d-d965ccfc6d4b" outcome="Passed" testListId="8c84fa94-04c1-424b-9868-57a2d4851a1d" relativeResultsDirectory="22b855ec-f8d0-4fe6-8b81-92f256ef4da9" />
    <UnitTestResult executionId="b629352d-b74c-4bfa-a0b1-6a80aabcd9d4" testId="9ad1f1e2-15f5-9293-320c-e9ae46134ce7" testName="FlashSale.OrderService.Tests.OrderStateBehaviourTests.Duplicate_or_stale_event_with_a_new_MessageId_is_acknowledged_without_a_transition(current: Completed, eventType: &quot;StockReserved&quot;, target: Confirmed)" computerName="KIETVD" duration="00:00:00.0560405" startTime="2026-10-01T19:39:35.4941467+07:00" endTime="2026-10-01T19:39:35.5500713+07:00" testType="13cdc9d9-ddb5-4fa4-a97d-d965ccfc6d4b" outcome="Passed" testListId="8c84fa94-04c1-424b-9868-57a2d4851a1d" relativeResultsDirectory="b629352d-b74c-4bfa-a0b1-6a80aabcd9d4" />
    <UnitTestResult executionId="76bfe37a-2c82-4779-9ea2-f48cb1861d0d" testId="f7e5e709-467f-e398-08ec-47b52cd86001" testName="FlashSale.OrderService.Tests.OrderStateMachineTests.PendingStock_to_anything_else_throws(illegalTarget: Completed)" computerName="KIETVD" duration="00:00:00.0002663" startTime="2026-10-01T19:39:30.9594445+07:00" endTime="2026-10-01T19:39:30.9594983+07:00" testType="13cdc9d9-ddb5-4fa4-a97d-d965ccfc6d4b" outcome="Passed" testListId="8c84fa94-04c1-424b-9868-57a2d4851a1d" relativeResultsDirectory="76bfe37a-2c82-4779-9ea2-f48cb1861d0d" />
    <UnitTestResult executionId="37003c62-212a-4cc0-aae1-158237853864" testId="481c1bc7-c399-bea0-acb8-599f7ee26af2" testName="FlashSale.OrderService.Tests.OrderStateMachineTests.PendingStock_to_anything_else_throws(illegalTarget: PendingStock)" computerName="KIETVD" duration="00:00:00.0003315" startTime="2026-10-01T19:39:30.9592883+07:00" endTime="2026-10-01T19:39:30.9593371+07:00" testType="13cdc9d9-ddb5-4fa4-a97d-d965ccfc6d4b" outcome="Passed" testListId="8c84fa94-04c1-424b-9868-57a2d4851a1d" relativeResultsDirectory="37003c62-212a-4cc0-aae1-158237853864" />
    <UnitTestResult executionId="81128e86-ba86-423c-9b64-091673dc12d3" testId="68c28d1a-2e7c-68cd-c858-3a2519e72233" testName="FlashSale.OrderService.Tests.OrderStateBehaviourTests.Result_for_an_unknown_order_is_reported_and_not_recorded" computerName="KIETVD" duration="00:00:00.0420274" startTime="2026-10-01T19:39:36.2020751+07:00" endTime="2026-10-01T19:39:36.2440287+07:00" testType="13cdc9d9-ddb5-4fa4-a97d-d965ccfc6d4b" outcome="Passed" testListId="8c84fa94-04c1-424b-9868-57a2d4851a1d" relativeResultsDirectory="81128e86-ba86-423c-9b64-091673dc12d3" />
    <UnitTestResult executionId="47e76d71-2a34-4f25-9654-29c028281e31" testId="2d0cdc14-6583-4ef3-c8b6-fdf1494aab1c" testName="FlashSale.OrderService.Tests.OutboxAtomicityTests.Order_and_outbox_row_both_commit_in_one_SaveChanges_call" computerName="KIETVD" duration="00:00:00.0712555" startTime="2026-10-01T19:39:35.4594397+07:00" endTime="2026-10-01T19:39:35.5293237+07:00" testType="13cdc9d9-ddb5-4fa4-a97d-d965ccfc6d4b" outcome="Passed" testListId="8c84fa94-04c1-424b-9868-57a2d4851a1d" relativeResultsDirectory="47e76d71-2a34-4f25-9654-29c028281e31" />
    <UnitTestResult executionId="b1329eb7-6293-452e-8d97-038aa34c21f4" testId="84f1021d-49d2-ffea-5515-d2afd353083d" testName="FlashSale.OrderService.Tests.OrderStateBehaviourTests.Conflicting_event_throws_changes_nothing_and_is_not_recorded(current: Rejected, eventType: &quot;StockReserved&quot;, target: Confirmed)" computerName="KIETVD" duration="00:00:00.0366251" startTime="2026-10-01T19:39:36.2443188+07:00" endTime="2026-10-01T19:39:36.2807447+07:00" testType="13cdc9d9-ddb5-4fa4-a97d-d965ccfc6d4b" outcome="Passed" testListId="8c84fa94-04c1-424b-9868-57a2d4851a1d" relativeResultsDirectory="b1329eb7-6293-452e-8d97-038aa34c21f4" />
    <UnitTestResult executionId="f6c9d7f6-99ba-444f-9004-3d1e1d1476fb" testId="f89495be-3516-c89e-8727-01f43cdcb300" testName="FlashSale.OrderService.Tests.OrderStateBehaviourTests.Every_transition_pair_is_either_legal_or_throws(from: PendingStock, to: Rejected)" computerName="KIETVD" duration="00:00:00.0330229" startTime="2026-10-01T19:39:36.1038281+07:00" endTime="2026-10-01T19:39:36.1367707+07:00" testType="13cdc9d9-ddb5-4fa4-a97d-d965ccfc6d4b" outcome="Passed" testListId="8c84fa94-04c1-424b-9868-57a2d4851a1d" relativeResultsDirectory="f6c9d7f6-99ba-444f-9004-3d1e1d1476fb" />
    <UnitTestResult executionId="42f35f01-9e18-4921-9f0d-13caf760071b" testId="81dc07c5-7c55-d35b-a529-f14f778b9784" testName="FlashSale.OrderService.Tests.OrderStateBehaviourTests.Every_transition_pair_is_either_legal_or_throws(from: Completed, to: Rejected)" computerName="KIETVD" duration="00:00:00.0328229" startTime="2026-10-01T19:39:36.1690812+07:00" endTime="2026-10-01T19:39:36.2018581+07:00" testType="13cdc9d9-ddb5-4fa4-a97d-d965ccfc6d4b" outcome="Passed" testListId="8c84fa94-04c1-424b-9868-57a2d4851a1d" relativeResultsDirectory="42f35f01-9e18-4921-9f0d-13caf760071b" />
    <UnitTestResult executionId="6f883260-1f33-41ee-aa8f-c98f415b824c" testId="2fd19c1c-05a8-c497-848f-e5880f4e454e" testName="FlashSale.OrderService.Tests.OrderStateBehaviourTests.Every_transition_pair_is_either_legal_or_throws(from: Rejected, to: Rejected)" computerName="KIETVD" duration="00:00:00.0394623" startTime="2026-10-01T19:39:36.0641886+07:00" endTime="2026-10-01T19:39:36.1036213+07:00" testType="13cdc9d9-ddb5-4fa4-a97d-d965ccfc6d4b" outcome="Passed" testListId="8c84fa94-04c1-424b-9868-57a2d4851a1d" relativeResultsDirectory="6f883260-1f33-41ee-aa8f-c98f415b824c" />
    <UnitTestResult executionId="af09e18b-0e00-4ad0-b820-a350ee14d879" testId="8a4f1a0e-5767-aed2-2849-a3a7d69dd08d" testName="FlashSale.OrderService.Tests.OutboxAtomicityTests.Failed_outbox_insert_rolls_back_the_order_insert_too" computerName="KIETVD" duration="00:00:04.9480631" startTime="2026-10-01T19:39:30.5094055+07:00" endTime="2026-10-01T19:39:35.4583131+07:00" testType="13cdc9d9-ddb5-4fa4-a97d-d965ccfc6d4b" outcome="Passed" testListId="8c84fa94-04c1-424b-9868-57a2d4851a1d" relativeResultsDirectory="af09e18b-0e00-4ad0-b820-a350ee14d879" />
  </Results>
  <TestDefinitions>
    <UnitTest name="FlashSale.OrderService.Tests.OrderStateBehaviourTests.Conflicting_event_throws_changes_nothing_and_is_not_recorded(current: Completed, eventType: &quot;StockRejected&quot;, target: Rejected)" storage="c:\users\lenovo\appdata\local\temp\claude\d--dacntt\aee8760d-1ee0-43c5-a87e-cb822dca2922\scratchpad\beta-w5b2\tests\flashsale.orderservice.tests\bin\debug\net10.0\flashsale.orderservice.tests.dll" id="74c87954-37b9-08d3-6e4a-49ed0dfd5d68">
      <Execution id="b85749b9-a2fe-4efe-9fd8-4d32a8e5b243" />
      <TestMethod codeBase="C:\Users\Lenovo\AppData\Local\Temp\claude\D--DACNTT\aee8760d-1ee0-43c5-a87e-cb822dca2922\scratchpad\beta-w5b2\tests\FlashSale.OrderService.Tests\bin\Debug\net10.0\FlashSale.OrderService.Tests.dll" adapterTypeName="executor://xunit/VsTestRunner3/netcore/" className="FlashSale.OrderService.Tests.OrderStateBehaviourTests" name="Conflicting_event_throws_changes_nothing_and_is_not_recorded" />
    </UnitTest>
    <UnitTest name="FlashSale.OrderService.Tests.OrderStateMachineTests.PendingStock_to_anything_else_throws(illegalTarget: PendingStock)" storage="c:\users\lenovo\appdata\local\temp\claude\d--dacntt\aee8760d-1ee0-43c5-a87e-cb822dca2922\scratchpad\beta-w5b2\tests\flashsale.orderservice.tests\bin\debug\net10.0\flashsale.orderservice.tests.dll" id="481c1bc7-c399-bea0-acb8-599f7ee26af2">
      <Execution id="37003c62-212a-4cc0-aae1-158237853864" />
      <TestMethod codeBase="C:\Users\Lenovo\AppData\Local\Temp\claude\D--DACNTT\aee8760d-1ee0-43c5-a87e-cb822dca2922\scratchpad\beta-w5b2\tests\FlashSale.OrderService.Tests\bin\Debug\net10.0\FlashSale.OrderService.Tests.dll" adapterTypeName="executor://xunit/VsTestRunner3/netcore/" className="FlashSale.OrderService.Tests.OrderStateMachineTests" name="PendingStock_to_anything_else_throws" />
    </UnitTest>
    <UnitTest name="FlashSale.OrderService.Tests.OrderStateBehaviourTests.Duplicate_or_stale_event_with_a_new_MessageId_is_acknowledged_without_a_transition(current: Completed, eventType: &quot;StockReserved&quot;, target: Confirmed)" storage="c:\users\lenovo\appdata\local\temp\claude\d--dacntt\aee8760d-1ee0-43c5-a87e-cb822dca2922\scratchpad\beta-w5b2\tests\flashsale.orderservice.tests\bin\debug\net10.0\flashsale.orderservice.tests.dll" id="9ad1f1e2-15f5-9293-320c-e9ae46134ce7">
      <Execution id="b629352d-b74c-4bfa-a0b1-6a80aabcd9d4" />
      <TestMethod codeBase="C:\Users\Lenovo\AppData\Local\Temp\claude\D--DACNTT\aee8760d-1ee0-43c5-a87e-cb822dca2922\scratchpad\beta-w5b2\tests\FlashSale.OrderService.Tests\bin\Debug\net10.0\FlashSale.OrderService.Tests.dll" adapterTypeName="executor://xunit/VsTestRunner3/netcore/" className="FlashSale.OrderService.Tests.OrderStateBehaviourTests" name="Duplicate_or_stale_event_with_a_new_MessageId_is_acknowledged_without_a_transition" />
    </UnitTest>
    <UnitTest name="FlashSale.OrderService.Tests.OrderStateBehaviourTests.Every_transition_pair_is_either_legal_or_throws(from: PendingStock, to: Rejected)" storage="c:\users\lenovo\appdata\local\temp\claude\d--dacntt\aee8760d-1ee0-43c5-a87e-cb822dca2922\scratchpad\beta-w5b2\tests\flashsale.orderservice.tests\bin\debug\net10.0\flashsale.orderservice.tests.dll" id="f89495be-3516-c89e-8727-01f43cdcb300">
      <Execution id="f6c9d7f6-99ba-444f-9004-3d1e1d1476fb" />
      <TestMethod codeBase="C:\Users\Lenovo\AppData\Local\Temp\claude\D--DACNTT\aee8760d-1ee0-43c5-a87e-cb822dca2922\scratchpad\beta-w5b2\tests\FlashSale.OrderService.Tests\bin\Debug\net10.0\FlashSale.OrderService.Tests.dll" adapterTypeName="executor://xunit/VsTestRunner3/netcore/" className="FlashSale.OrderService.Tests.OrderStateBehaviourTests" name="Every_transition_pair_is_either_legal_or_throws" />
    </UnitTest>
    <UnitTest name="FlashSale.OrderService.Tests.OrderStateMachineTests.Confirmed_to_anything_but_Completed_throws(illegalTarget: Confirmed)" storage="c:\users\lenovo\appdata\local\temp\claude\d--dacntt\aee8760d-1ee0-43c5-a87e-cb822dca2922\scratchpad\beta-w5b2\tests\flashsale.orderservice.tests\bin\debug\net10.0\flashsale.orderservice.tests.dll" id="4f82bf85-d02a-44b6-92f5-b06ea03a570e">
      <Execution id="1a66330f-38b5-4376-9a82-fa2be4365248" />
      <TestMethod codeBase="C:\Users\Lenovo\AppData\Local\Temp\claude\D--DACNTT\aee8760d-1ee0-43c5-a87e-cb822dca2922\scratchpad\beta-w5b2\tests\FlashSale.OrderService.Tests\bin\Debug\net10.0\FlashSale.OrderService.Tests.dll" adapterTypeName="executor://xunit/VsTestRunner3/netcore/" className="FlashSale.OrderService.Tests.OrderStateMachineTests" name="Confirmed_to_anything_but_Completed_throws" />
    </UnitTest>
    <UnitTest name="FlashSale.OrderService.Tests.OrderStateBehaviourTests.Every_transition_pair_is_either_legal_or_throws(from: Rejected, to: PendingStock)" storage="c:\users\lenovo\appdata\local\temp\claude\d--dacntt\aee8760d-1ee0-43c5-a87e-cb822dca2922\scratchpad\beta-w5b2\tests\flashsale.orderservice.tests\bin\debug\net10.0\flashsale.orderservice.tests.dll" id="6e7c99a0-4fb2-dc5d-0ee2-63acdce87347">
      <Execution id="d411d800-21ee-43f9-a84c-34978d3d95d4" />
      <TestMethod codeBase="C:\Users\Lenovo\AppData\Local\Temp\claude\D--DACNTT\aee8760d-1ee0-43c5-a87e-cb822dca2922\scratchpad\beta-w5b2\tests\FlashSale.OrderService.Tests\bin\Debug\net10.0\FlashSale.OrderService.Tests.dll" adapterTypeName="executor://xunit/VsTestRunner3/netcore/" className="FlashSale.OrderService.Tests.OrderStateBehaviourTests" name="Every_transition_pair_is_either_legal_or_throws" />
    </UnitTest>
    <UnitTest name="FlashSale.OrderService.Tests.OrderStateBehaviourTests.Every_transition_pair_is_either_legal_or_throws(from: Confirmed, to: Rejected)" storage="c:\users\lenovo\appdata\local\temp\claude\d--dacntt\aee8760d-1ee0-43c5-a87e-cb822dca2922\scratchpad\beta-w5b2\tests\flashsale.orderservice.tests\bin\debug\net10.0\flashsale.orderservice.tests.dll" id="96b7611c-bc97-a9df-1c04-69949bb609d2">
      <Execution id="c6dfbf1a-9881-4803-8e57-c3cfe7354703" />
      <TestMethod codeBase="C:\Users\Lenovo\AppData\Local\Temp\claude\D--DACNTT\aee8760d-1ee0-43c5-a87e-cb822dca2922\scratchpad\beta-w5b2\tests\FlashSale.OrderService.Tests\bin\Debug\net10.0\FlashSale.OrderService.Tests.dll" adapterTypeName="executor://xunit/VsTestRunner3/netcore/" className="FlashSale.OrderService.Tests.OrderStateBehaviourTests" name="Every_transition_pair_is_either_legal_or_throws" />
    </UnitTest>
    <UnitTest name="FlashSale.OrderService.Tests.OrderStateBehaviourTests.Every_transition_pair_is_either_legal_or_throws(from: Completed, to: PendingStock)" storage="c:\users\lenovo\appdata\local\temp\claude\d--dacntt\aee8760d-1ee0-43c5-a87e-cb822dca2922\scratchpad\beta-w5b2\tests\flashsale.orderservice.tests\bin\debug\net10.0\flashsale.orderservice.tests.dll" id="23bf186f-4ea7-0568-1feb-a870567a824d">
      <Execution id="bebb45b2-c459-4a65-87d9-9b851c2da20f" />
      <TestMethod codeBase="C:\Users\Lenovo\AppData\Local\Temp\claude\D--DACNTT\aee8760d-1ee0-43c5-a87e-cb822dca2922\scratchpad\beta-w5b2\tests\FlashSale.OrderService.Tests\bin\Debug\net10.0\FlashSale.OrderService.Tests.dll" adapterTypeName="executor://xunit/VsTestRunner3/netcore/" className="FlashSale.OrderService.Tests.OrderStateBehaviourTests" name="Every_transition_pair_is_either_legal_or_throws" />
    </UnitTest>
    <UnitTest name="FlashSale.OrderService.Tests.OrderStateMachineTests.Confirmed_to_anything_but_Completed_throws(illegalTarget: PendingStock)" storage="c:\users\lenovo\appdata\local\temp\claude\d--dacntt\aee8760d-1ee0-43c5-a87e-cb822dca2922\scratchpad\beta-w5b2\tests\flashsale.orderservice.tests\bin\debug\net10.0\flashsale.orderservice.tests.dll" id="85ff15b1-d572-9415-faec-a5f66e7c9919">
      <Execution id="ef55ff2d-98f4-4311-a719-66ead8c1419e" />
      <TestMethod codeBase="C:\Users\Lenovo\AppData\Local\Temp\claude\D--DACNTT\aee8760d-1ee0-43c5-a87e-cb822dca2922\scratchpad\beta-w5b2\tests\FlashSale.OrderService.Tests\bin\Debug\net10.0\FlashSale.OrderService.Tests.dll" adapterTypeName="executor://xunit/VsTestRunner3/netcore/" className="FlashSale.OrderService.Tests.OrderStateMachineTests" name="Confirmed_to_anything_but_Completed_throws" />
    </UnitTest>
    <UnitTest name="FlashSale.OrderService.Tests.OrderStateBehaviourTests.Duplicate_or_stale_event_with_a_new_MessageId_is_acknowledged_without_a_transition(current: Rejected, eventType: &quot;StockRejected&quot;, target: Rejected)" storage="c:\users\lenovo\appdata\local\temp\claude\d--dacntt\aee8760d-1ee0-43c5-a87e-cb822dca2922\scratchpad\beta-w5b2\tests\flashsale.orderservice.tests\bin\debug\net10.0\flashsale.orderservice.tests.dll" id="eef9ae45-8e41-de0e-e18e-8b566445b257">
      <Execution id="d2206383-24f7-4375-a1ef-6ea6f65301ba" />
      <TestMethod codeBase="C:\Users\Lenovo\AppData\Local\Temp\claude\D--DACNTT\aee8760d-1ee0-43c5-a87e-cb822dca2922\scratchpad\beta-w5b2\tests\FlashSale.OrderService.Tests\bin\Debug\net10.0\FlashSale.OrderService.Tests.dll" adapterTypeName="executor://xunit/VsTestRunner3/netcore/" className="FlashSale.OrderService.Tests.OrderStateBehaviourTests" name="Duplicate_or_stale_event_with_a_new_MessageId_is_acknowledged_without_a_transition" />
    </UnitTest>
    <UnitTest name="FlashSale.OrderService.Tests.OrderStateMachineTests.PendingStock_to_Confirmed_succeeds_and_stamps_ConfirmedOrRejectedAt" storage="c:\users\lenovo\appdata\local\temp\claude\d--dacntt\aee8760d-1ee0-43c5-a87e-cb822dca2922\scratchpad\beta-w5b2\tests\flashsale.orderservice.tests\bin\debug\net10.0\flashsale.orderservice.tests.dll" id="3641e043-5e9c-0258-4341-3584e072dc8d">
      <Execution id="72841d41-7e72-4bb3-8301-70ad71c7e0c3" />
      <TestMethod codeBase="C:\Users\Lenovo\AppData\Local\Temp\claude\D--DACNTT\aee8760d-1ee0-43c5-a87e-cb822dca2922\scratchpad\beta-w5b2\tests\FlashSale.OrderService.Tests\bin\Debug\net10.0\FlashSale.OrderService.Tests.dll" adapterTypeName="executor://xunit/VsTestRunner3/netcore/" className="FlashSale.OrderService.Tests.OrderStateMachineTests" name="PendingStock_to_Confirmed_succeeds_and_stamps_ConfirmedOrRejectedAt" />
    </UnitTest>
    <UnitTest name="FlashSale.OrderService.Tests.OrderStateMachineTests.Completed_is_terminal_and_throws_on_any_transition" storage="c:\users\lenovo\appdata\local\temp\claude\d--dacntt\aee8760d-1ee0-43c5-a87e-cb822dca2922\scratchpad\beta-w5b2\tests\flashsale.orderservice.tests\bin\debug\net10.0\flashsale.orderservice.tests.dll" id="0c47d810-88f4-5338-b0af-a5be7a217038">
      <Execution id="29ed4eb2-3581-4d79-b478-645dd2efc1f1" />
      <TestMethod codeBase="C:\Users\Lenovo\AppData\Local\Temp\claude\D--DACNTT\aee8760d-1ee0-43c5-a87e-cb822dca2922\scratchpad\beta-w5b2\tests\FlashSale.OrderService.Tests\bin\Debug\net10.0\FlashSale.OrderService.Tests.dll" adapterTypeName="executor://xunit/VsTestRunner3/netcore/" className="FlashSale.OrderService.Tests.OrderStateMachineTests" name="Completed_is_terminal_and_throws_on_any_transition" />
    </UnitTest>
    <UnitTest name="FlashSale.OrderService.Tests.OrderStateMachineTests.Confirmed_to_Completed_succeeds_and_stamps_CompletedAt" storage="c:\users\lenovo\appdata\local\temp\claude\d--dacntt\aee8760d-1ee0-43c5-a87e-cb822dca2922\scratchpad\beta-w5b2\tests\flashsale.orderservice.tests\bin\debug\net10.0\flashsale.orderservice.tests.dll" id="d4964639-c5ed-6657-973f-4c988e578fff">
      <Execution id="c311cb49-2f02-4dc8-9037-615bb4238395" />
      <TestMethod codeBase="C:\Users\Lenovo\AppData\Local\Temp\claude\D--DACNTT\aee8760d-1ee0-43c5-a87e-cb822dca2922\scratchpad\beta-w5b2\tests\FlashSale.OrderService.Tests\bin\Debug\net10.0\FlashSale.OrderService.Tests.dll" adapterTypeName="executor://xunit/VsTestRunner3/netcore/" className="FlashSale.OrderService.Tests.OrderStateMachineTests" name="Confirmed_to_Completed_succeeds_and_stamps_CompletedAt" />
    </UnitTest>
    <UnitTest name="FlashSale.OrderService.Tests.OrderStateMachineTests.Rejected_is_terminal_and_throws_on_any_transition" storage="c:\users\lenovo\appdata\local\temp\claude\d--dacntt\aee8760d-1ee0-43c5-a87e-cb822dca2922\scratchpad\beta-w5b2\tests\flashsale.orderservice.tests\bin\debug\net10.0\flashsale.orderservice.tests.dll" id="fee8100c-c07c-ecd8-ce06-5d88aac03766">
      <Execution id="b762cfb1-7f22-4486-9752-7fdb74384705" />
      <TestMethod codeBase="C:\Users\Lenovo\AppData\Local\Temp\claude\D--DACNTT\aee8760d-1ee0-43c5-a87e-cb822dca2922\scratchpad\beta-w5b2\tests\FlashSale.OrderService.Tests\bin\Debug\net10.0\FlashSale.OrderService.Tests.dll" adapterTypeName="executor://xunit/VsTestRunner3/netcore/" className="FlashSale.OrderService.Tests.OrderStateMachineTests" name="Rejected_is_terminal_and_throws_on_any_transition" />
    </UnitTest>
    <UnitTest name="FlashSale.OrderService.Tests.DuplicateMessageIdempotencyTests.Two_different_messages_for_the_same_order_do_not_double_process" storage="c:\users\lenovo\appdata\local\temp\claude\d--dacntt\aee8760d-1ee0-43c5-a87e-cb822dca2922\scratchpad\beta-w5b2\tests\flashsale.orderservice.tests\bin\debug\net10.0\flashsale.orderservice.tests.dll" id="95592a77-8f5f-c681-df53-9266bdda7948">
      <Execution id="5178b4a3-44b4-4691-9962-fa9ab0199093" />
      <TestMethod codeBase="C:\Users\Lenovo\AppData\Local\Temp\claude\D--DACNTT\aee8760d-1ee0-43c5-a87e-cb822dca2922\scratchpad\beta-w5b2\tests\FlashSale.OrderService.Tests\bin\Debug\net10.0\FlashSale.OrderService.Tests.dll" adapterTypeName="executor://xunit/VsTestRunner3/netcore/" className="FlashSale.OrderService.Tests.DuplicateMessageIdempotencyTests" name="Two_different_messages_for_the_same_order_do_not_double_process" />
    </UnitTest>
    <UnitTest name="FlashSale.OrderService.Tests.OrderStateMachineTests.Confirmed_to_anything_but_Completed_throws(illegalTarget: Rejected)" storage="c:\users\lenovo\appdata\local\temp\claude\d--dacntt\aee8760d-1ee0-43c5-a87e-cb822dca2922\scratchpad\beta-w5b2\tests\flashsale.orderservice.tests\bin\debug\net10.0\flashsale.orderservice.tests.dll" id="2007032d-40b4-cd57-c737-e3835570c457">
      <Execution id="1cebe66e-53a8-43ac-84c2-3c86a4345de9" />
      <TestMethod codeBase="C:\Users\Lenovo\AppData\Local\Temp\claude\D--DACNTT\aee8760d-1ee0-43c5-a87e-cb822dca2922\scratchpad\beta-w5b2\tests\FlashSale.OrderService.Tests\bin\Debug\net10.0\FlashSale.OrderService.Tests.dll" adapterTypeName="executor://xunit/VsTestRunner3/netcore/" className="FlashSale.OrderService.Tests.OrderStateMachineTests" name="Confirmed_to_anything_but_Completed_throws" />
    </UnitTest>
    <UnitTest name="FlashSale.OrderService.Tests.OrderStateBehaviourTests.Every_transition_pair_is_either_legal_or_throws(from: PendingStock, to: Confirmed)" storage="c:\users\lenovo\appdata\local\temp\claude\d--dacntt\aee8760d-1ee0-43c5-a87e-cb822dca2922\scratchpad\beta-w5b2\tests\flashsale.orderservice.tests\bin\debug\net10.0\flashsale.orderservice.tests.dll" id="9f19dafa-5d8e-2174-4161-e3fcdab90134">
      <Execution id="b22d0709-698c-4f82-a16e-5fd1744d33e3" />
      <TestMethod codeBase="C:\Users\Lenovo\AppData\Local\Temp\claude\D--DACNTT\aee8760d-1ee0-43c5-a87e-cb822dca2922\scratchpad\beta-w5b2\tests\FlashSale.OrderService.Tests\bin\Debug\net10.0\FlashSale.OrderService.Tests.dll" adapterTypeName="executor://xunit/VsTestRunner3/netcore/" className="FlashSale.OrderService.Tests.OrderStateBehaviourTests" name="Every_transition_pair_is_either_legal_or_throws" />
    </UnitTest>
    <UnitTest name="FlashSale.OrderService.Tests.OrderStateBehaviourTests.Every_transition_pair_is_either_legal_or_throws(from: Confirmed, to: PendingStock)" storage="c:\users\lenovo\appdata\local\temp\claude\d--dacntt\aee8760d-1ee0-43c5-a87e-cb822dca2922\scratchpad\beta-w5b2\tests\flashsale.orderservice.tests\bin\debug\net10.0\flashsale.orderservice.tests.dll" id="bec4bceb-69ed-07db-22a8-9ab308fdbec5">
      <Execution id="128be60c-2555-4c2c-9462-923b5d2f284a" />
      <TestMethod codeBase="C:\Users\Lenovo\AppData\Local\Temp\claude\D--DACNTT\aee8760d-1ee0-43c5-a87e-cb822dca2922\scratchpad\beta-w5b2\tests\FlashSale.OrderService.Tests\bin\Debug\net10.0\FlashSale.OrderService.Tests.dll" adapterTypeName="executor://xunit/VsTestRunner3/netcore/" className="FlashSale.OrderService.Tests.OrderStateBehaviourTests" name="Every_transition_pair_is_either_legal_or_throws" />
    </UnitTest>
    <UnitTest name="FlashSale.OrderService.Tests.OrderStateBehaviourTests.Result_for_an_unknown_order_is_reported_and_not_recorded" storage="c:\users\lenovo\appdata\local\temp\claude\d--dacntt\aee8760d-1ee0-43c5-a87e-cb822dca2922\scratchpad\beta-w5b2\tests\flashsale.orderservice.tests\bin\debug\net10.0\flashsale.orderservice.tests.dll" id="68c28d1a-2e7c-68cd-c858-3a2519e72233">
      <Execution id="81128e86-ba86-423c-9b64-091673dc12d3" />
      <TestMethod codeBase="C:\Users\Lenovo\AppData\Local\Temp\claude\D--DACNTT\aee8760d-1ee0-43c5-a87e-cb822dca2922\scratchpad\beta-w5b2\tests\FlashSale.OrderService.Tests\bin\Debug\net10.0\FlashSale.OrderService.Tests.dll" adapterTypeName="executor://xunit/VsTestRunner3/netcore/" className="FlashSale.OrderService.Tests.OrderStateBehaviourTests" name="Result_for_an_unknown_order_is_reported_and_not_recorded" />
    </UnitTest>
    <UnitTest name="FlashSale.OrderService.Tests.OrderStateBehaviourTests.Conflicting_event_throws_changes_nothing_and_is_not_recorded(current: Rejected, eventType: &quot;OrderProcessed&quot;, target: Completed)" storage="c:\users\lenovo\appdata\local\temp\claude\d--dacntt\aee8760d-1ee0-43c5-a87e-cb822dca2922\scratchpad\beta-w5b2\tests\flashsale.orderservice.tests\bin\debug\net10.0\flashsale.orderservice.tests.dll" id="ea35e9de-6df4-2a3b-5977-fe59f2f04f85">
      <Execution id="b9113ee7-4d85-4757-ae43-18b06151336d" />
      <TestMethod codeBase="C:\Users\Lenovo\AppData\Local\Temp\claude\D--DACNTT\aee8760d-1ee0-43c5-a87e-cb822dca2922\scratchpad\beta-w5b2\tests\FlashSale.OrderService.Tests\bin\Debug\net10.0\FlashSale.OrderService.Tests.dll" adapterTypeName="executor://xunit/VsTestRunner3/netcore/" className="FlashSale.OrderService.Tests.OrderStateBehaviourTests" name="Conflicting_event_throws_changes_nothing_and_is_not_recorded" />
    </UnitTest>
    <UnitTest name="FlashSale.OrderService.Tests.OrderStateBehaviourTests.Conflicting_event_throws_changes_nothing_and_is_not_recorded(current: Confirmed, eventType: &quot;StockRejected&quot;, target: Rejected)" storage="c:\users\lenovo\appdata\local\temp\claude\d--dacntt\aee8760d-1ee0-43c5-a87e-cb822dca2922\scratchpad\beta-w5b2\tests\flashsale.orderservice.tests\bin\debug\net10.0\flashsale.orderservice.tests.dll" id="a07c159e-6b93-3d72-76f6-21f94ffe54a0">
      <Execution id="4992fd68-cd74-49f9-a192-bb9e0c43f764" />
      <TestMethod codeBase="C:\Users\Lenovo\AppData\Local\Temp\claude\D--DACNTT\aee8760d-1ee0-43c5-a87e-cb822dca2922\scratchpad\beta-w5b2\tests\FlashSale.OrderService.Tests\bin\Debug\net10.0\FlashSale.OrderService.Tests.dll" adapterTypeName="executor://xunit/VsTestRunner3/netcore/" className="FlashSale.OrderService.Tests.OrderStateBehaviourTests" name="Conflicting_event_throws_changes_nothing_and_is_not_recorded" />
    </UnitTest>
    <UnitTest name="FlashSale.OrderService.Tests.OutboxAtomicityTests.Failed_outbox_insert_rolls_back_the_order_insert_too" storage="c:\users\lenovo\appdata\local\temp\claude\d--dacntt\aee8760d-1ee0-43c5-a87e-cb822dca2922\scratchpad\beta-w5b2\tests\flashsale.orderservice.tests\bin\debug\net10.0\flashsale.orderservice.tests.dll" id="8a4f1a0e-5767-aed2-2849-a3a7d69dd08d">
      <Execution id="af09e18b-0e00-4ad0-b820-a350ee14d879" />
      <TestMethod codeBase="C:\Users\Lenovo\AppData\Local\Temp\claude\D--DACNTT\aee8760d-1ee0-43c5-a87e-cb822dca2922\scratchpad\beta-w5b2\tests\FlashSale.OrderService.Tests\bin\Debug\net10.0\FlashSale.OrderService.Tests.dll" adapterTypeName="executor://xunit/VsTestRunner3/netcore/" className="FlashSale.OrderService.Tests.OutboxAtomicityTests" name="Failed_outbox_insert_rolls_back_the_order_insert_too" />
    </UnitTest>
    <UnitTest name="FlashSale.OrderService.Tests.OrderStateMachineTests.PendingStock_to_Rejected_succeeds_and_stamps_ConfirmedOrRejectedAt" storage="c:\users\lenovo\appdata\local\temp\claude\d--dacntt\aee8760d-1ee0-43c5-a87e-cb822dca2922\scratchpad\beta-w5b2\tests\flashsale.orderservice.tests\bin\debug\net10.0\flashsale.orderservice.tests.dll" id="1901e4aa-dbc4-6ab1-b214-de9553f3bbfd">
      <Execution id="14f64e6f-8acb-4dd4-a028-4fd8a5e484d0" />
      <TestMethod codeBase="C:\Users\Lenovo\AppData\Local\Temp\claude\D--DACNTT\aee8760d-1ee0-43c5-a87e-cb822dca2922\scratchpad\beta-w5b2\tests\FlashSale.OrderService.Tests\bin\Debug\net10.0\FlashSale.OrderService.Tests.dll" adapterTypeName="executor://xunit/VsTestRunner3/netcore/" className="FlashSale.OrderService.Tests.OrderStateMachineTests" name="PendingStock_to_Rejected_succeeds_and_stamps_ConfirmedOrRejectedAt" />
    </UnitTest>
    <UnitTest name="FlashSale.OrderService.Tests.OrderStateBehaviourTests.Every_transition_pair_is_either_legal_or_throws(from: Confirmed, to: Completed)" storage="c:\users\lenovo\appdata\local\temp\claude\d--dacntt\aee8760d-1ee0-43c5-a87e-cb822dca2922\scratchpad\beta-w5b2\tests\flashsale.orderservice.tests\bin\debug\net10.0\flashsale.orderservice.tests.dll" id="f38a3a3b-8ac3-332c-67f7-7ed6deb4e915">
      <Execution id="180d4aca-b995-432e-a424-f8361dab3877" />
      <TestMethod codeBase="C:\Users\Lenovo\AppData\Local\Temp\claude\D--DACNTT\aee8760d-1ee0-43c5-a87e-cb822dca2922\scratchpad\beta-w5b2\tests\FlashSale.OrderService.Tests\bin\Debug\net10.0\FlashSale.OrderService.Tests.dll" adapterTypeName="executor://xunit/VsTestRunner3/netcore/" className="FlashSale.OrderService.Tests.OrderStateBehaviourTests" name="Every_transition_pair_is_either_legal_or_throws" />
    </UnitTest>
    <UnitTest name="FlashSale.OrderService.Tests.OrderStateBehaviourTests.Every_transition_pair_is_either_legal_or_throws(from: Completed, to: Confirmed)" storage="c:\users\lenovo\appdata\local\temp\claude\d--dacntt\aee8760d-1ee0-43c5-a87e-cb822dca2922\scratchpad\beta-w5b2\tests\flashsale.orderservice.tests\bin\debug\net10.0\flashsale.orderservice.tests.dll" id="92c2b996-a5e1-97b8-65d8-0e81b35135ff">
      <Execution id="027f25ec-8be5-454d-a2fd-4f4d11754427" />
      <TestMethod codeBase="C:\Users\Lenovo\AppData\Local\Temp\claude\D--DACNTT\aee8760d-1ee0-43c5-a87e-cb822dca2922\scratchpad\beta-w5b2\tests\FlashSale.OrderService.Tests\bin\Debug\net10.0\FlashSale.OrderService.Tests.dll" adapterTypeName="executor://xunit/VsTestRunner3/netcore/" className="FlashSale.OrderService.Tests.OrderStateBehaviourTests" name="Every_transition_pair_is_either_legal_or_throws" />
    </UnitTest>
    <UnitTest name="FlashSale.OrderService.Tests.OrderStateBehaviourTests.Every_transition_pair_is_either_legal_or_throws(from: Rejected, to: Completed)" storage="c:\users\lenovo\appdata\local\temp\claude\d--dacntt\aee8760d-1ee0-43c5-a87e-cb822dca2922\scratchpad\beta-w5b2\tests\flashsale.orderservice.tests\bin\debug\net10.0\flashsale.orderservice.tests.dll" id="9f478951-365a-a6d6-3365-fddeb3516f1d">
      <Execution id="c32d54bf-f187-4b31-b14c-69db17ff364e" />
      <TestMethod codeBase="C:\Users\Lenovo\AppData\Local\Temp\claude\D--DACNTT\aee8760d-1ee0-43c5-a87e-cb822dca2922\scratchpad\beta-w5b2\tests\FlashSale.OrderService.Tests\bin\Debug\net10.0\FlashSale.OrderService.Tests.dll" adapterTypeName="executor://xunit/VsTestRunner3/netcore/" className="FlashSale.OrderService.Tests.OrderStateBehaviourTests" name="Every_transition_pair_is_either_legal_or_throws" />
    </UnitTest>
    <UnitTest name="FlashSale.OrderService.Tests.OrderStateMachineTests.PendingStock_to_anything_else_throws(illegalTarget: Completed)" storage="c:\users\lenovo\appdata\local\temp\claude\d--dacntt\aee8760d-1ee0-43c5-a87e-cb822dca2922\scratchpad\beta-w5b2\tests\flashsale.orderservice.tests\bin\debug\net10.0\flashsale.orderservice.tests.dll" id="f7e5e709-467f-e398-08ec-47b52cd86001">
      <Execution id="76bfe37a-2c82-4779-9ea2-f48cb1861d0d" />
      <TestMethod codeBase="C:\Users\Lenovo\AppData\Local\Temp\claude\D--DACNTT\aee8760d-1ee0-43c5-a87e-cb822dca2922\scratchpad\beta-w5b2\tests\FlashSale.OrderService.Tests\bin\Debug\net10.0\FlashSale.OrderService.Tests.dll" adapterTypeName="executor://xunit/VsTestRunner3/netcore/" className="FlashSale.OrderService.Tests.OrderStateMachineTests" name="PendingStock_to_anything_else_throws" />
    </UnitTest>
    <UnitTest name="FlashSale.OrderService.Tests.OrderStateBehaviourTests.Every_transition_pair_is_either_legal_or_throws(from: PendingStock, to: Completed)" storage="c:\users\lenovo\appdata\local\temp\claude\d--dacntt\aee8760d-1ee0-43c5-a87e-cb822dca2922\scratchpad\beta-w5b2\tests\flashsale.orderservice.tests\bin\debug\net10.0\flashsale.orderservice.tests.dll" id="b7d7a6c6-eb93-1558-1820-16aef96647b7">
      <Execution id="42521e36-d37d-4d30-9bc1-0a4c89b32939" />
      <TestMethod codeBase="C:\Users\Lenovo\AppData\Local\Temp\claude\D--DACNTT\aee8760d-1ee0-43c5-a87e-cb822dca2922\scratchpad\beta-w5b2\tests\FlashSale.OrderService.Tests\bin\Debug\net10.0\FlashSale.OrderService.Tests.dll" adapterTypeName="executor://xunit/VsTestRunner3/netcore/" className="FlashSale.OrderService.Tests.OrderStateBehaviourTests" name="Every_transition_pair_is_either_legal_or_throws" />
    </UnitTest>
    <UnitTest name="FlashSale.OrderService.Tests.OrderStateBehaviourTests.Every_transition_pair_is_either_legal_or_throws(from: Completed, to: Rejected)" storage="c:\users\lenovo\appdata\local\temp\claude\d--dacntt\aee8760d-1ee0-43c5-a87e-cb822dca2922\scratchpad\beta-w5b2\tests\flashsale.orderservice.tests\bin\debug\net10.0\flashsale.orderservice.tests.dll" id="81dc07c5-7c55-d35b-a529-f14f778b9784">
      <Execution id="42f35f01-9e18-4921-9f0d-13caf760071b" />
      <TestMethod codeBase="C:\Users\Lenovo\AppData\Local\Temp\claude\D--DACNTT\aee8760d-1ee0-43c5-a87e-cb822dca2922\scratchpad\beta-w5b2\tests\FlashSale.OrderService.Tests\bin\Debug\net10.0\FlashSale.OrderService.Tests.dll" adapterTypeName="executor://xunit/VsTestRunner3/netcore/" className="FlashSale.OrderService.Tests.OrderStateBehaviourTests" name="Every_transition_pair_is_either_legal_or_throws" />
    </UnitTest>
    <UnitTest name="FlashSale.OrderService.Tests.OrderStateBehaviourTests.Duplicate_or_stale_event_with_a_new_MessageId_is_acknowledged_without_a_transition(current: Completed, eventType: &quot;OrderProcessed&quot;, target: Completed)" storage="c:\users\lenovo\appdata\local\temp\claude\d--dacntt\aee8760d-1ee0-43c5-a87e-cb822dca2922\scratchpad\beta-w5b2\tests\flashsale.orderservice.tests\bin\debug\net10.0\flashsale.orderservice.tests.dll" id="1f6181a8-3a9d-dbbd-d893-8bb25fe719fe">
      <Execution id="ae4dbf31-1493-40e4-bfca-36f0879fb953" />
      <TestMethod codeBase="C:\Users\Lenovo\AppData\Local\Temp\claude\D--DACNTT\aee8760d-1ee0-43c5-a87e-cb822dca2922\scratchpad\beta-w5b2\tests\FlashSale.OrderService.Tests\bin\Debug\net10.0\FlashSale.OrderService.Tests.dll" adapterTypeName="executor://xunit/VsTestRunner3/netcore/" className="FlashSale.OrderService.Tests.OrderStateBehaviourTests" name="Duplicate_or_stale_event_with_a_new_MessageId_is_acknowledged_without_a_transition" />
    </UnitTest>
    <UnitTest name="FlashSale.OrderService.Tests.OrderStateMachineTests.Exception_reports_the_attempted_from_and_to_states" storage="c:\users\lenovo\appdata\local\temp\claude\d--dacntt\aee8760d-1ee0-43c5-a87e-cb822dca2922\scratchpad\beta-w5b2\tests\flashsale.orderservice.tests\bin\debug\net10.0\flashsale.orderservice.tests.dll" id="1d5499cc-4443-2123-37b9-a35117073ddb">
      <Execution id="0c39529a-6428-44a3-aae7-e2d73a257b20" />
      <TestMethod codeBase="C:\Users\Lenovo\AppData\Local\Temp\claude\D--DACNTT\aee8760d-1ee0-43c5-a87e-cb822dca2922\scratchpad\beta-w5b2\tests\FlashSale.OrderService.Tests\bin\Debug\net10.0\FlashSale.OrderService.Tests.dll" adapterTypeName="executor://xunit/VsTestRunner3/netcore/" className="FlashSale.OrderService.Tests.OrderStateMachineTests" name="Exception_reports_the_attempted_from_and_to_states" />
    </UnitTest>
    <UnitTest name="FlashSale.OrderService.Tests.OrderStateBehaviourTests.Duplicate_or_stale_event_with_a_new_MessageId_is_acknowledged_without_a_transition(current: Confirmed, eventType: &quot;StockReserved&quot;, target: Confirmed)" storage="c:\users\lenovo\appdata\local\temp\claude\d--dacntt\aee8760d-1ee0-43c5-a87e-cb822dca2922\scratchpad\beta-w5b2\tests\flashsale.orderservice.tests\bin\debug\net10.0\flashsale.orderservice.tests.dll" id="f363dfc4-8c4d-f9eb-19f7-602dba2ef9b8">
      <Execution id="e2e3b805-0b72-46a2-931e-8798b0f2bccf" />
      <TestMethod codeBase="C:\Users\Lenovo\AppData\Local\Temp\claude\D--DACNTT\aee8760d-1ee0-43c5-a87e-cb822dca2922\scratchpad\beta-w5b2\tests\FlashSale.OrderService.Tests\bin\Debug\net10.0\FlashSale.OrderService.Tests.dll" adapterTypeName="executor://xunit/VsTestRunner3/netcore/" className="FlashSale.OrderService.Tests.OrderStateBehaviourTests" name="Duplicate_or_stale_event_with_a_new_MessageId_is_acknowledged_without_a_transition" />
    </UnitTest>
    <UnitTest name="FlashSale.OrderService.Tests.OutboxAtomicityTests.Order_and_outbox_row_both_commit_in_one_SaveChanges_call" storage="c:\users\lenovo\appdata\local\temp\claude\d--dacntt\aee8760d-1ee0-43c5-a87e-cb822dca2922\scratchpad\beta-w5b2\tests\flashsale.orderservice.tests\bin\debug\net10.0\flashsale.orderservice.tests.dll" id="2d0cdc14-6583-4ef3-c8b6-fdf1494aab1c">
      <Execution id="47e76d71-2a34-4f25-9654-29c028281e31" />
      <TestMethod codeBase="C:\Users\Lenovo\AppData\Local\Temp\claude\D--DACNTT\aee8760d-1ee0-43c5-a87e-cb822dca2922\scratchpad\beta-w5b2\tests\FlashSale.OrderService.Tests\bin\Debug\net10.0\FlashSale.OrderService.Tests.dll" adapterTypeName="executor://xunit/VsTestRunner3/netcore/" className="FlashSale.OrderService.Tests.OutboxAtomicityTests" name="Order_and_outbox_row_both_commit_in_one_SaveChanges_call" />
    </UnitTest>
    <UnitTest name="FlashSale.OrderService.Tests.OrderStateBehaviourTests.Duplicate_OrderProcessed_with_the_same_MessageId_is_a_no_op" storage="c:\users\lenovo\appdata\local\temp\claude\d--dacntt\aee8760d-1ee0-43c5-a87e-cb822dca2922\scratchpad\beta-w5b2\tests\flashsale.orderservice.tests\bin\debug\net10.0\flashsale.orderservice.tests.dll" id="8926712c-4f0e-c570-db25-6f3ec5f60f21">
      <Execution id="5ec13760-ae0b-4e72-a90a-fb29375aa73d" />
      <TestMethod codeBase="C:\Users\Lenovo\AppData\Local\Temp\claude\D--DACNTT\aee8760d-1ee0-43c5-a87e-cb822dca2922\scratchpad\beta-w5b2\tests\FlashSale.OrderService.Tests\bin\Debug\net10.0\FlashSale.OrderService.Tests.dll" adapterTypeName="executor://xunit/VsTestRunner3/netcore/" className="FlashSale.OrderService.Tests.OrderStateBehaviourTests" name="Duplicate_OrderProcessed_with_the_same_MessageId_is_a_no_op" />
    </UnitTest>
    <UnitTest name="FlashSale.OrderService.Tests.OrderStateBehaviourTests.Conflicting_event_throws_changes_nothing_and_is_not_recorded(current: Rejected, eventType: &quot;StockReserved&quot;, target: Confirmed)" storage="c:\users\lenovo\appdata\local\temp\claude\d--dacntt\aee8760d-1ee0-43c5-a87e-cb822dca2922\scratchpad\beta-w5b2\tests\flashsale.orderservice.tests\bin\debug\net10.0\flashsale.orderservice.tests.dll" id="84f1021d-49d2-ffea-5515-d2afd353083d">
      <Execution id="b1329eb7-6293-452e-8d97-038aa34c21f4" />
      <TestMethod codeBase="C:\Users\Lenovo\AppData\Local\Temp\claude\D--DACNTT\aee8760d-1ee0-43c5-a87e-cb822dca2922\scratchpad\beta-w5b2\tests\FlashSale.OrderService.Tests\bin\Debug\net10.0\FlashSale.OrderService.Tests.dll" adapterTypeName="executor://xunit/VsTestRunner3/netcore/" className="FlashSale.OrderService.Tests.OrderStateBehaviourTests" name="Conflicting_event_throws_changes_nothing_and_is_not_recorded" />
    </UnitTest>
    <UnitTest name="FlashSale.OrderService.Tests.OrderStateBehaviourTests.Every_transition_pair_is_either_legal_or_throws(from: Rejected, to: Rejected)" storage="c:\users\lenovo\appdata\local\temp\claude\d--dacntt\aee8760d-1ee0-43c5-a87e-cb822dca2922\scratchpad\beta-w5b2\tests\flashsale.orderservice.tests\bin\debug\net10.0\flashsale.orderservice.tests.dll" id="2fd19c1c-05a8-c497-848f-e5880f4e454e">
      <Execution id="6f883260-1f33-41ee-aa8f-c98f415b824c" />
      <TestMethod codeBase="C:\Users\Lenovo\AppData\Local\Temp\claude\D--DACNTT\aee8760d-1ee0-43c5-a87e-cb822dca2922\scratchpad\beta-w5b2\tests\FlashSale.OrderService.Tests\bin\Debug\net10.0\FlashSale.OrderService.Tests.dll" adapterTypeName="executor://xunit/VsTestRunner3/netcore/" className="FlashSale.OrderService.Tests.OrderStateBehaviourTests" name="Every_transition_pair_is_either_legal_or_throws" />
    </UnitTest>
    <UnitTest name="FlashSale.OrderService.Tests.OrderStateBehaviourTests.Every_transition_pair_is_either_legal_or_throws(from: PendingStock, to: PendingStock)" storage="c:\users\lenovo\appdata\local\temp\claude\d--dacntt\aee8760d-1ee0-43c5-a87e-cb822dca2922\scratchpad\beta-w5b2\tests\flashsale.orderservice.tests\bin\debug\net10.0\flashsale.orderservice.tests.dll" id="1def3a9f-f9b4-42f7-0c42-6e36ea15a977">
      <Execution id="ee31c26b-f6a1-4b33-9b94-7229fac9a52c" />
      <TestMethod codeBase="C:\Users\Lenovo\AppData\Local\Temp\claude\D--DACNTT\aee8760d-1ee0-43c5-a87e-cb822dca2922\scratchpad\beta-w5b2\tests\FlashSale.OrderService.Tests\bin\Debug\net10.0\FlashSale.OrderService.Tests.dll" adapterTypeName="executor://xunit/VsTestRunner3/netcore/" className="FlashSale.OrderService.Tests.OrderStateBehaviourTests" name="Every_transition_pair_is_either_legal_or_throws" />
    </UnitTest>
    <UnitTest name="FlashSale.OrderService.Tests.DuplicateMessageIdempotencyTests.Redelivered_StockReserved_message_transitions_order_exactly_once" storage="c:\users\lenovo\appdata\local\temp\claude\d--dacntt\aee8760d-1ee0-43c5-a87e-cb822dca2922\scratchpad\beta-w5b2\tests\flashsale.orderservice.tests\bin\debug\net10.0\flashsale.orderservice.tests.dll" id="bad9326f-d062-3851-361f-a19f0112c7bb">
      <Execution id="14105ab2-ab56-44ff-8fbd-057551579242" />
      <TestMethod codeBase="C:\Users\Lenovo\AppData\Local\Temp\claude\D--DACNTT\aee8760d-1ee0-43c5-a87e-cb822dca2922\scratchpad\beta-w5b2\tests\FlashSale.OrderService.Tests\bin\Debug\net10.0\FlashSale.OrderService.Tests.dll" adapterTypeName="executor://xunit/VsTestRunner3/netcore/" className="FlashSale.OrderService.Tests.DuplicateMessageIdempotencyTests" name="Redelivered_StockReserved_message_transitions_order_exactly_once" />
    </UnitTest>
    <UnitTest name="FlashSale.OrderService.Tests.OrderStateMachineTests.New_order_starts_in_PendingStock" storage="c:\users\lenovo\appdata\local\temp\claude\d--dacntt\aee8760d-1ee0-43c5-a87e-cb822dca2922\scratchpad\beta-w5b2\tests\flashsale.orderservice.tests\bin\debug\net10.0\flashsale.orderservice.tests.dll" id="5be767c2-8fd7-43cc-9234-37ec37b62a53">
      <Execution id="ab31d5ea-82bc-473a-98e7-18a8f482ff6f" />
      <TestMethod codeBase="C:\Users\Lenovo\AppData\Local\Temp\claude\D--DACNTT\aee8760d-1ee0-43c5-a87e-cb822dca2922\scratchpad\beta-w5b2\tests\FlashSale.OrderService.Tests\bin\Debug\net10.0\FlashSale.OrderService.Tests.dll" adapterTypeName="executor://xunit/VsTestRunner3/netcore/" className="FlashSale.OrderService.Tests.OrderStateMachineTests" name="New_order_starts_in_PendingStock" />
    </UnitTest>
    <UnitTest name="FlashSale.OrderService.Tests.OrderStateBehaviourTests.Every_transition_pair_is_either_legal_or_throws(from: Rejected, to: Confirmed)" storage="c:\users\lenovo\appdata\local\temp\claude\d--dacntt\aee8760d-1ee0-43c5-a87e-cb822dca2922\scratchpad\beta-w5b2\tests\flashsale.orderservice.tests\bin\debug\net10.0\flashsale.orderservice.tests.dll" id="3b320e1d-66f0-78a7-f24f-cd95e733d6ed">
      <Execution id="6ac80e34-e20f-4ced-88b4-58c5c1fe04a7" />
      <TestMethod codeBase="C:\Users\Lenovo\AppData\Local\Temp\claude\D--DACNTT\aee8760d-1ee0-43c5-a87e-cb822dca2922\scratchpad\beta-w5b2\tests\FlashSale.OrderService.Tests\bin\Debug\net10.0\FlashSale.OrderService.Tests.dll" adapterTypeName="executor://xunit/VsTestRunner3/netcore/" className="FlashSale.OrderService.Tests.OrderStateBehaviourTests" name="Every_transition_pair_is_either_legal_or_throws" />
    </UnitTest>
    <UnitTest name="FlashSale.OrderService.Tests.OrderStateBehaviourTests.Every_transition_pair_is_either_legal_or_throws(from: Completed, to: Completed)" storage="c:\users\lenovo\appdata\local\temp\claude\d--dacntt\aee8760d-1ee0-43c5-a87e-cb822dca2922\scratchpad\beta-w5b2\tests\flashsale.orderservice.tests\bin\debug\net10.0\flashsale.orderservice.tests.dll" id="77969cd6-b841-5749-b6ac-4cd4af69a78c">
      <Execution id="22b855ec-f8d0-4fe6-8b81-92f256ef4da9" />
      <TestMethod codeBase="C:\Users\Lenovo\AppData\Local\Temp\claude\D--DACNTT\aee8760d-1ee0-43c5-a87e-cb822dca2922\scratchpad\beta-w5b2\tests\FlashSale.OrderService.Tests\bin\Debug\net10.0\FlashSale.OrderService.Tests.dll" adapterTypeName="executor://xunit/VsTestRunner3/netcore/" className="FlashSale.OrderService.Tests.OrderStateBehaviourTests" name="Every_transition_pair_is_either_legal_or_throws" />
    </UnitTest>
    <UnitTest name="FlashSale.OrderService.Tests.OrderStateBehaviourTests.Every_transition_pair_is_either_legal_or_throws(from: Confirmed, to: Confirmed)" storage="c:\users\lenovo\appdata\local\temp\claude\d--dacntt\aee8760d-1ee0-43c5-a87e-cb822dca2922\scratchpad\beta-w5b2\tests\flashsale.orderservice.tests\bin\debug\net10.0\flashsale.orderservice.tests.dll" id="0c21c021-3f7f-6797-55b3-720ec4499406">
      <Execution id="541f9c89-a699-4996-b435-a33c690ea3b8" />
      <TestMethod codeBase="C:\Users\Lenovo\AppData\Local\Temp\claude\D--DACNTT\aee8760d-1ee0-43c5-a87e-cb822dca2922\scratchpad\beta-w5b2\tests\FlashSale.OrderService.Tests\bin\Debug\net10.0\FlashSale.OrderService.Tests.dll" adapterTypeName="executor://xunit/VsTestRunner3/netcore/" className="FlashSale.OrderService.Tests.OrderStateBehaviourTests" name="Every_transition_pair_is_either_legal_or_throws" />
    </UnitTest>
    <UnitTest name="FlashSale.OrderService.Tests.DuplicateMessageIdempotencyTests.Conflicting_result_for_an_already_Rejected_order_throws_and_is_not_recorded" storage="c:\users\lenovo\appdata\local\temp\claude\d--dacntt\aee8760d-1ee0-43c5-a87e-cb822dca2922\scratchpad\beta-w5b2\tests\flashsale.orderservice.tests\bin\debug\net10.0\flashsale.orderservice.tests.dll" id="6adf2ef2-578b-a62c-ee09-09e0f99cf6d5">
      <Execution id="5ef95060-0ee2-47a6-b18c-60160a82a5b0" />
      <TestMethod codeBase="C:\Users\Lenovo\AppData\Local\Temp\claude\D--DACNTT\aee8760d-1ee0-43c5-a87e-cb822dca2922\scratchpad\beta-w5b2\tests\FlashSale.OrderService.Tests\bin\Debug\net10.0\FlashSale.OrderService.Tests.dll" adapterTypeName="executor://xunit/VsTestRunner3/netcore/" className="FlashSale.OrderService.Tests.DuplicateMessageIdempotencyTests" name="Conflicting_result_for_an_already_Rejected_order_throws_and_is_not_recorded" />
    </UnitTest>
  </TestDefinitions>
  <TestEntries>
    <TestEntry testId="96b7611c-bc97-a9df-1c04-69949bb609d2" executionId="c6dfbf1a-9881-4803-8e57-c3cfe7354703" testListId="8c84fa94-04c1-424b-9868-57a2d4851a1d" />
    <TestEntry testId="1d5499cc-4443-2123-37b9-a35117073ddb" executionId="0c39529a-6428-44a3-aae7-e2d73a257b20" testListId="8c84fa94-04c1-424b-9868-57a2d4851a1d" />
    <TestEntry testId="d4964639-c5ed-6657-973f-4c988e578fff" executionId="c311cb49-2f02-4dc8-9037-615bb4238395" testListId="8c84fa94-04c1-424b-9868-57a2d4851a1d" />
    <TestEntry testId="f363dfc4-8c4d-f9eb-19f7-602dba2ef9b8" executionId="e2e3b805-0b72-46a2-931e-8798b0f2bccf" testListId="8c84fa94-04c1-424b-9868-57a2d4851a1d" />
    <TestEntry testId="b7d7a6c6-eb93-1558-1820-16aef96647b7" executionId="42521e36-d37d-4d30-9bc1-0a4c89b32939" testListId="8c84fa94-04c1-424b-9868-57a2d4851a1d" />
    <TestEntry testId="74c87954-37b9-08d3-6e4a-49ed0dfd5d68" executionId="b85749b9-a2fe-4efe-9fd8-4d32a8e5b243" testListId="8c84fa94-04c1-424b-9868-57a2d4851a1d" />
    <TestEntry testId="6adf2ef2-578b-a62c-ee09-09e0f99cf6d5" executionId="5ef95060-0ee2-47a6-b18c-60160a82a5b0" testListId="8c84fa94-04c1-424b-9868-57a2d4851a1d" />
    <TestEntry testId="fee8100c-c07c-ecd8-ce06-5d88aac03766" executionId="b762cfb1-7f22-4486-9752-7fdb74384705" testListId="8c84fa94-04c1-424b-9868-57a2d4851a1d" />
    <TestEntry testId="f38a3a3b-8ac3-332c-67f7-7ed6deb4e915" executionId="180d4aca-b995-432e-a424-f8361dab3877" testListId="8c84fa94-04c1-424b-9868-57a2d4851a1d" />
    <TestEntry testId="2007032d-40b4-cd57-c737-e3835570c457" executionId="1cebe66e-53a8-43ac-84c2-3c86a4345de9" testListId="8c84fa94-04c1-424b-9868-57a2d4851a1d" />
    <TestEntry testId="1def3a9f-f9b4-42f7-0c42-6e36ea15a977" executionId="ee31c26b-f6a1-4b33-9b94-7229fac9a52c" testListId="8c84fa94-04c1-424b-9868-57a2d4851a1d" />
    <TestEntry testId="5be767c2-8fd7-43cc-9234-37ec37b62a53" executionId="ab31d5ea-82bc-473a-98e7-18a8f482ff6f" testListId="8c84fa94-04c1-424b-9868-57a2d4851a1d" />
    <TestEntry testId="1f6181a8-3a9d-dbbd-d893-8bb25fe719fe" executionId="ae4dbf31-1493-40e4-bfca-36f0879fb953" testListId="8c84fa94-04c1-424b-9868-57a2d4851a1d" />
    <TestEntry testId="eef9ae45-8e41-de0e-e18e-8b566445b257" executionId="d2206383-24f7-4375-a1ef-6ea6f65301ba" testListId="8c84fa94-04c1-424b-9868-57a2d4851a1d" />
    <TestEntry testId="4f82bf85-d02a-44b6-92f5-b06ea03a570e" executionId="1a66330f-38b5-4376-9a82-fa2be4365248" testListId="8c84fa94-04c1-424b-9868-57a2d4851a1d" />
    <TestEntry testId="9f19dafa-5d8e-2174-4161-e3fcdab90134" executionId="b22d0709-698c-4f82-a16e-5fd1744d33e3" testListId="8c84fa94-04c1-424b-9868-57a2d4851a1d" />
    <TestEntry testId="92c2b996-a5e1-97b8-65d8-0e81b35135ff" executionId="027f25ec-8be5-454d-a2fd-4f4d11754427" testListId="8c84fa94-04c1-424b-9868-57a2d4851a1d" />
    <TestEntry testId="85ff15b1-d572-9415-faec-a5f66e7c9919" executionId="ef55ff2d-98f4-4311-a719-66ead8c1419e" testListId="8c84fa94-04c1-424b-9868-57a2d4851a1d" />
    <TestEntry testId="1901e4aa-dbc4-6ab1-b214-de9553f3bbfd" executionId="14f64e6f-8acb-4dd4-a028-4fd8a5e484d0" testListId="8c84fa94-04c1-424b-9868-57a2d4851a1d" />
    <TestEntry testId="0c47d810-88f4-5338-b0af-a5be7a217038" executionId="29ed4eb2-3581-4d79-b478-645dd2efc1f1" testListId="8c84fa94-04c1-424b-9868-57a2d4851a1d" />
    <TestEntry testId="23bf186f-4ea7-0568-1feb-a870567a824d" executionId="bebb45b2-c459-4a65-87d9-9b851c2da20f" testListId="8c84fa94-04c1-424b-9868-57a2d4851a1d" />
    <TestEntry testId="3b320e1d-66f0-78a7-f24f-cd95e733d6ed" executionId="6ac80e34-e20f-4ced-88b4-58c5c1fe04a7" testListId="8c84fa94-04c1-424b-9868-57a2d4851a1d" />
    <TestEntry testId="ea35e9de-6df4-2a3b-5977-fe59f2f04f85" executionId="b9113ee7-4d85-4757-ae43-18b06151336d" testListId="8c84fa94-04c1-424b-9868-57a2d4851a1d" />
    <TestEntry testId="a07c159e-6b93-3d72-76f6-21f94ffe54a0" executionId="4992fd68-cd74-49f9-a192-bb9e0c43f764" testListId="8c84fa94-04c1-424b-9868-57a2d4851a1d" />
    <TestEntry testId="3641e043-5e9c-0258-4341-3584e072dc8d" executionId="72841d41-7e72-4bb3-8301-70ad71c7e0c3" testListId="8c84fa94-04c1-424b-9868-57a2d4851a1d" />
    <TestEntry testId="6e7c99a0-4fb2-dc5d-0ee2-63acdce87347" executionId="d411d800-21ee-43f9-a84c-34978d3d95d4" testListId="8c84fa94-04c1-424b-9868-57a2d4851a1d" />
    <TestEntry testId="0c21c021-3f7f-6797-55b3-720ec4499406" executionId="541f9c89-a699-4996-b435-a33c690ea3b8" testListId="8c84fa94-04c1-424b-9868-57a2d4851a1d" />
    <TestEntry testId="bad9326f-d062-3851-361f-a19f0112c7bb" executionId="14105ab2-ab56-44ff-8fbd-057551579242" testListId="8c84fa94-04c1-424b-9868-57a2d4851a1d" />
    <TestEntry testId="95592a77-8f5f-c681-df53-9266bdda7948" executionId="5178b4a3-44b4-4691-9962-fa9ab0199093" testListId="8c84fa94-04c1-424b-9868-57a2d4851a1d" />
    <TestEntry testId="8926712c-4f0e-c570-db25-6f3ec5f60f21" executionId="5ec13760-ae0b-4e72-a90a-fb29375aa73d" testListId="8c84fa94-04c1-424b-9868-57a2d4851a1d" />
    <TestEntry testId="bec4bceb-69ed-07db-22a8-9ab308fdbec5" executionId="128be60c-2555-4c2c-9462-923b5d2f284a" testListId="8c84fa94-04c1-424b-9868-57a2d4851a1d" />
    <TestEntry testId="9f478951-365a-a6d6-3365-fddeb3516f1d" executionId="c32d54bf-f187-4b31-b14c-69db17ff364e" testListId="8c84fa94-04c1-424b-9868-57a2d4851a1d" />
    <TestEntry testId="77969cd6-b841-5749-b6ac-4cd4af69a78c" executionId="22b855ec-f8d0-4fe6-8b81-92f256ef4da9" testListId="8c84fa94-04c1-424b-9868-57a2d4851a1d" />
    <TestEntry testId="9ad1f1e2-15f5-9293-320c-e9ae46134ce7" executionId="b629352d-b74c-4bfa-a0b1-6a80aabcd9d4" testListId="8c84fa94-04c1-424b-9868-57a2d4851a1d" />
    <TestEntry testId="f7e5e709-467f-e398-08ec-47b52cd86001" executionId="76bfe37a-2c82-4779-9ea2-f48cb1861d0d" testListId="8c84fa94-04c1-424b-9868-57a2d4851a1d" />
    <TestEntry testId="481c1bc7-c399-bea0-acb8-599f7ee26af2" executionId="37003c62-212a-4cc0-aae1-158237853864" testListId="8c84fa94-04c1-424b-9868-57a2d4851a1d" />
    <TestEntry testId="68c28d1a-2e7c-68cd-c858-3a2519e72233" executionId="81128e86-ba86-423c-9b64-091673dc12d3" testListId="8c84fa94-04c1-424b-9868-57a2d4851a1d" />
    <TestEntry testId="2d0cdc14-6583-4ef3-c8b6-fdf1494aab1c" executionId="47e76d71-2a34-4f25-9654-29c028281e31" testListId="8c84fa94-04c1-424b-9868-57a2d4851a1d" />
    <TestEntry testId="84f1021d-49d2-ffea-5515-d2afd353083d" executionId="b1329eb7-6293-452e-8d97-038aa34c21f4" testListId="8c84fa94-04c1-424b-9868-57a2d4851a1d" />
    <TestEntry testId="f89495be-3516-c89e-8727-01f43cdcb300" executionId="f6c9d7f6-99ba-444f-9004-3d1e1d1476fb" testListId="8c84fa94-04c1-424b-9868-57a2d4851a1d" />
    <TestEntry testId="81dc07c5-7c55-d35b-a529-f14f778b9784" executionId="42f35f01-9e18-4921-9f0d-13caf760071b" testListId="8c84fa94-04c1-424b-9868-57a2d4851a1d" />
    <TestEntry testId="2fd19c1c-05a8-c497-848f-e5880f4e454e" executionId="6f883260-1f33-41ee-aa8f-c98f415b824c" testListId="8c84fa94-04c1-424b-9868-57a2d4851a1d" />
    <TestEntry testId="8a4f1a0e-5767-aed2-2849-a3a7d69dd08d" executionId="af09e18b-0e00-4ad0-b820-a350ee14d879" testListId="8c84fa94-04c1-424b-9868-57a2d4851a1d" />
  </TestEntries>
  <TestLists>
    <TestList name="Results Not in a List" id="8c84fa94-04c1-424b-9868-57a2d4851a1d" />
    <TestList name="All Loaded Results" id="19431567-8539-422a-85d7-44ee4e166bda" />
  </TestLists>
  <ResultSummary outcome="Completed">
    <Counters total="43" executed="43" passed="43" failed="0" error="0" timeout="0" aborted="0" inconclusive="0" passedButRunAborted="0" notRunnable="0" notExecuted="0" disconnected="0" warning="0" completed="0" inProgress="0" pending="0" />
    <Output>
      <StdOut>[xUnit.net 00:00:00.00] xUnit.net VSTest Adapter v3.1.4+50e68bbb8b (64-bit .NET 10.0.8)&#xD;
[xUnit.net 00:00:00.51]   Discovering: FlashSale.OrderService.Tests&#xD;
[xUnit.net 00:00:00.59]   Discovered:  FlashSale.OrderService.Tests&#xD;
[xUnit.net 00:00:00.63]   Starting:    FlashSale.OrderService.Tests&#xD;
[xUnit.net 00:00:06.61]   Finished:    FlashSale.OrderService.Tests&#xD;
</StdOut>
    </Output>
  </ResultSummary>
</TestRun>